// Jest Snapshot v1, https://goo.gl/fbAQLP

exports[`renders demo correctly 1`] = `
<div>
  <div>
    <div class="van-search" style="background:#f2f2f2;">
      <div placeholder="请输入搜索关键词" class="van-cell van-cell--borderless van-field">
        <div class="van-field__left-icon"><i class="van-icon van-icon-search" style="color:undefined;font-size:undefined;">
            <!----></i></div>
        <div class="van-cell__value van-cell__value--alone">
          <div class="van-field__body"><input type="search" placeholder="请输入搜索关键词" value="" class="van-field__control"></div>
        </div>
      </div>
      <!---->
    </div>
  </div>
  <div>
    <form action="/">
      <div class="van-search van-search--show-action" style="background:#f2f2f2;">
        <div placeholder="请输入搜索关键词" class="van-cell van-cell--borderless van-field">
          <div class="van-field__left-icon"><i class="van-icon van-icon-search" style="color:undefined;font-size:undefined;">
              <!----></i></div>
          <div class="van-cell__value van-cell__value--alone">
            <div class="van-field__body"><input type="search" placeholder="请输入搜索关键词" value="" class="van-field__control"></div>
          </div>
        </div>
        <div class="van-search__action">
          <div>取消</div>
        </div>
      </div>
    </form>
  </div>
  <div>
    <div class="van-search van-search--show-action" style="background:#f2f2f2;">
      <div placeholder="请输入搜索关键词" class="van-cell van-cell--borderless van-field">
        <div class="van-field__left-icon"><i class="van-icon van-icon-search" style="color:undefined;font-size:undefined;">
            <!----></i></div>
        <div class="van-cell__value van-cell__value--alone">
          <div class="van-field__body"><input type="search" placeholder="请输入搜索关键词" value="" class="van-field__control"></div>
        </div>
      </div>
      <div class="van-search__action">
        <div>
          搜索
        </div>
      </div>
    </div>
  </div>
</div>
`;
