// Jest Snapshot v1, https://goo.gl/fbAQLP

exports[`disable border 1`] = `
<div class="van-collapse">
  <div class="van-collapse-item">
    <div class="van-cell van-cell--clickable van-collapse-item__title">
      <div class="van-cell__title"><span>a</span></div><i class="van-icon van-icon-arrow van-cell__right-icon">
        <!----></i>
    </div>
  </div>
  <div class="van-collapse-item van-hairline--top">
    <div class="van-cell van-cell--clickable van-collapse-item__title">
      <div class="van-cell__title"><span>b</span></div><i class="van-icon van-icon-arrow van-cell__right-icon">
        <!----></i>
    </div>
  </div>
  <div class="van-collapse-item van-hairline--top">
    <div class="van-cell van-cell--clickable van-collapse-item__title">
      <div class="van-cell__title"><span>c</span></div><i class="van-icon van-icon-arrow van-cell__right-icon">
        <!----></i>
    </div>
  </div>
</div>
`;

exports[`render collapse-item slot 1`] = `
<div class="van-collapse van-hairline--top-bottom">
  <div class="van-collapse-item">
    <div class="van-cell van-cell--clickable van-collapse-item__title">this is icon<div class="van-cell__title">this is title</div>
      <div class="van-cell__value">this is value</div>this is right icon
    </div>
  </div>
</div>
`;
